[     618ms] [INFO] %cDownload the React DevTools for a better development experience: https://react.dev/link/react-devtools font-weight:bold @ http://localhost:3001/_next/static/chunks/node_modules_next_dist_115brz8._.js:2431
[     811ms] [LOG] [HMR] connected @ http://localhost:3001/_next/static/chunks/node_modules_next_dist_115brz8._.js:2431
[    1458ms] [ERROR] Failed to load resource: the server responded with a status of 500 (Internal Server Error) @ http://localhost:3001/api/admin/stats/overview:0
[    1459ms] [ERROR] Failed to load resource: the server responded with a status of 500 (Internal Server Error) @ http://localhost:3001/api/admin/stats/users?page=1&pageSize=25&sortOrder=desc:0
[    1503ms] [ERROR] Failed to load resource: the server responded with a status of 500 (Internal Server Error) @ http://localhost:3001/api/admin/stats/generations?page=1&pageSize=25&sortOrder=desc:0
[    1504ms] [ERROR] Failed to load resource: the server responded with a status of 500 (Internal Server Error) @ http://localhost:3001/api/admin/stats/sessions?page=1&pageSize=25&sortOrder=desc&sortBy=last_seen_at:0
[    1618ms] [ERROR] Failed to load resource: the server responded with a status of 500 (Internal Server Error) @ http://localhost:3001/api/admin/reports?includeTrends=true:0
[   17937ms] [LOG] [Fast Refresh] rebuilding @ http://localhost:3001/_next/static/chunks/node_modules_next_dist_115brz8._.js:2431
[   18254ms] [LOG] [Fast Refresh] done in 426ms @ http://localhost:3001/_next/static/chunks/node_modules_next_dist_115brz8._.js:2431
[ 1150309ms] [LOG] [Fast Refresh] rebuilding @ http://localhost:3001/_next/static/chunks/node_modules_next_dist_115brz8._.js:2431
[ 1164342ms] [ERROR] Failed to load resource: the server responded with a status of 500 (Internal Server Error) @ http://localhost:3001/admin?_rsc=1nq8r:0
[ 1165053ms] [ERROR] Failed to load resource: the server responded with a status of 500 (Internal Server Error) @ http://localhost:3001/admin?_rsc=1nq8r:0
[ 1165056ms] [ERROR] Failed to load resource: the server responded with a status of 500 (Internal Server Error) @ http://localhost:3001/admin?_rsc=1nq8r:0
[ 1165063ms] [ERROR] Failed to load resource: the server responded with a status of 500 (Internal Server Error) @ http://localhost:3001/admin?_rsc=1nq8r:0
[ 1165069ms] [ERROR] Failed to load resource: the server responded with a status of 500 (Internal Server Error) @ http://localhost:3001/admin?_rsc=1nq8r:0
[ 1165242ms] [ERROR] Failed to load resource: the server responded with a status of 500 (Internal Server Error) @ http://localhost:3001/admin?_rsc=1nq8r:0
[ 1165265ms] [ERROR] Failed to load resource: the server responded with a status of 500 (Internal Server Error) @ http://localhost:3001/admin?_rsc=1nq8r:0
[ 1165271ms] [ERROR] Failed to load resource: the server responded with a status of 500 (Internal Server Error) @ http://localhost:3001/admin?_rsc=1nq8r:0
[ 1165283ms] [ERROR] Failed to load resource: the server responded with a status of 500 (Internal Server Error) @ http://localhost:3001/admin?_rsc=1nq8r:0
[ 1165900ms] [ERROR] Failed to load resource: the server responded with a status of 500 (Internal Server Error) @ http://localhost:3001/admin?_rsc=1nq8r:0
[ 1165911ms] [ERROR] Failed to load resource: the server responded with a status of 500 (Internal Server Error) @ http://localhost:3001/admin?_rsc=1nq8r:0
[ 1165920ms] [ERROR] Failed to load resource: the server responded with a status of 500 (Internal Server Error) @ http://localhost:3001/admin?_rsc=1nq8r:0
[ 1165927ms] [ERROR] Failed to load resource: the server responded with a status of 500 (Internal Server Error) @ http://localhost:3001/admin?_rsc=1nq8r:0
[ 1165936ms] [ERROR] Failed to load resource: the server responded with a status of 500 (Internal Server Error) @ http://localhost:3001/admin?_rsc=1nq8r:0
[ 1166026ms] [ERROR] Failed to load resource: the server responded with a status of 500 (Internal Server Error) @ http://localhost:3001/admin?_rsc=1nq8r:0
[ 1166039ms] [ERROR] Failed to load resource: the server responded with a status of 500 (Internal Server Error) @ http://localhost:3001/admin:0
[ 1166199ms] [ERROR] Refused to execute script from 'http://localhost:3001/_next/static/development/_clientMiddlewareManifest.js' because its MIME type ('application/json') is not executable, and strict MIME type checking is enabled. @ http://localhost:3001/admin:0
[ 1166275ms] [INFO] %cDownload the React DevTools for a better development experience: https://react.dev/link/react-devtools font-weight:bold @ http://localhost:3001/_next/static/chunks/node_modules_react-dom_0bruynb._.js:15305
[ 1166452ms] Error: ./middleware.ts:9:31
Next.js can't recognize the exported `config` field in route. It mustn't be reexported.
   7 |  */
   8 |
>  9 | export { proxy as middleware, config } from "@/proxy";
     |                               ^^^^^^
  10 |

The exported configuration object in a source file needs to have a very specific format from which some properties can be statically parsed at compiled-time.

https://nextjs.org/docs/app/api-reference/file-conventions/route-segment-config


    at <unknown> (Error: ./middleware.ts:9:31)
    at <unknown> (https://nextjs.org/docs/app/api-reference/file-conventions/route-segment-config)
    at Object.getCompilationErrors (file://C:\Users\Almannai\Desktop\textonimage\app\node_modules\next\dist\server\dev\hot-reloader-turbopack.js:1175:55)
    at DevBundlerService.getCompilationError (file://C:\Users\Almannai\Desktop\textonimage\app\node_modules\next\dist\server\lib\dev-bundler-service.js:44:55)
    at DevServer.getCompilationError (file://C:\Users\Almannai\Desktop\textonimage\app\node_modules\next\dist\server\dev\next-dev-server.js:719:42)
    at DevServer.findPageComponents (file://C:\Users\Almannai\Desktop\textonimage\app\node_modules\next\dist\server\dev\next-dev-server.js:689:43)
    at async DevServer.renderErrorToResponseImpl (file://C:\Users\Almannai\Desktop\textonimage\app\node_modules\next\dist\server\base-server.js:1686:30)
[ 1166459ms] [LOG] [HMR] connected @ http://localhost:3001/_next/static/chunks/node_modules_next_dist_0u_w_5s._.js:1226
[ 1182840ms] [ERROR] ./middleware.ts:9:31
Next.js can't recognize the exported `config` field in route. It mustn't be reexported.
   7 |  */
   8 |
>  9 | export { proxy as middleware, config } from "@/proxy";
     |                               ^^^^^^
  10 |

The exported configuration object in a source file needs to have a very specific format from which some properties can be statically parsed at compiled-time.

https://nextjs.org/docs/app/api-reference/file-conventions/route-segment-config @ http://localhost:3001/_next/static/chunks/node_modules_next_dist_0u_w_5s._.js:1945
[ 1183041ms] [LOG] [Fast Refresh] rebuilding @ http://localhost:3001/_next/static/chunks/node_modules_next_dist_0u_w_5s._.js:1226
[ 1202397ms] [ERROR] ./middleware.ts:9:31
Next.js can't recognize the exported `config` field in route. It mustn't be reexported.
   7 |  */
   8 |
>  9 | export { proxy as middleware, config } from "@/proxy";
     |                               ^^^^^^
  10 |

The exported configuration object in a source file needs to have a very specific format from which some properties can be statically parsed at compiled-time.

https://nextjs.org/docs/app/api-reference/file-conventions/route-segment-config @ http://localhost:3001/_next/static/chunks/node_modules_next_dist_0u_w_5s._.js:1945
[ 1202489ms] [ERROR] ./middleware.ts:9:31
Next.js can't recognize the exported `config` field in route. It mustn't be reexported.
   7 |  */
   8 |
>  9 | export { proxy as middleware, config } from "@/proxy";
     |                               ^^^^^^
  10 |

The exported configuration object in a source file needs to have a very specific format from which some properties can be statically parsed at compiled-time.

https://nextjs.org/docs/app/api-reference/file-conventions/route-segment-config @ http://localhost:3001/_next/static/chunks/node_modules_next_dist_0u_w_5s._.js:1945
[ 1202620ms] [LOG] [Fast Refresh] rebuilding @ http://localhost:3001/_next/static/chunks/node_modules_next_dist_0u_w_5s._.js:1226
[ 1203163ms] [ERROR] ./middleware.ts:9:31
Next.js can't recognize the exported `config` field in route. It mustn't be reexported.
   7 |  */
   8 |
>  9 | export { proxy as middleware, config } from "@/proxy";
     |                               ^^^^^^
  10 |

The exported configuration object in a source file needs to have a very specific format from which some properties can be statically parsed at compiled-time.

https://nextjs.org/docs/app/api-reference/file-conventions/route-segment-config @ http://localhost:3001/_next/static/chunks/node_modules_next_dist_0u_w_5s._.js:1945
[ 1203691ms] [ERROR] ./middleware.ts:9:31
Next.js can't recognize the exported `config` field in route. It mustn't be reexported.
   7 |  */
   8 |
>  9 | export { proxy as middleware, config } from "@/proxy";
     |                               ^^^^^^
  10 |

The exported configuration object in a source file needs to have a very specific format from which some properties can be statically parsed at compiled-time.

https://nextjs.org/docs/app/api-reference/file-conventions/route-segment-config @ http://localhost:3001/_next/static/chunks/node_modules_next_dist_0u_w_5s._.js:1945
[ 1203806ms] [LOG] [Fast Refresh] rebuilding @ http://localhost:3001/_next/static/chunks/node_modules_next_dist_0u_w_5s._.js:1226
[ 1224569ms] [ERROR] ./middleware.ts:9:31
Next.js can't recognize the exported `config` field in route. It mustn't be reexported.
   7 |  */
   8 |
>  9 | export { proxy as middleware, config } from "@/proxy";
     |                               ^^^^^^
  10 |

The exported configuration object in a source file needs to have a very specific format from which some properties can be statically parsed at compiled-time.

https://nextjs.org/docs/app/api-reference/file-conventions/route-segment-config @ http://localhost:3001/_next/static/chunks/node_modules_next_dist_0u_w_5s._.js:1945
[ 1224652ms] [LOG] [Fast Refresh] rebuilding @ http://localhost:3001/_next/static/chunks/node_modules_next_dist_0u_w_5s._.js:1226
[ 1229053ms] [ERROR] Failed to load resource: the server responded with a status of 500 (Internal Server Error) @ http://localhost:3001/admin:0
[ 1229367ms] [INFO] %cDownload the React DevTools for a better development experience: https://react.dev/link/react-devtools font-weight:bold @ http://localhost:3001/_next/static/chunks/node_modules_react-dom_0bruynb._.js:15305
[ 1229395ms] Error: Could not parse module '[project]/middleware.ts', file not found
    at module evaluation (file://C:\Users\Almannai\Desktop\textonimage\app\.next\dev\server\edge\chunks\[root-of-the-server]__0ervz_w._.js:304:11)
    at <unknown> (file://C:\Users\Almannai\Desktop\textonimage\app\.next\dev\server\edge\chunks\turbopack-node_modules_next_dist_esm_build_templates_edge-wrapper_06cpln7.js:1307:27)
    at runModuleExecutionHooks (file://C:\Users\Almannai\Desktop\textonimage\app\.next\dev\server\edge\chunks\turbopack-node_modules_next_dist_esm_build_templates_edge-wrapper_06cpln7.js:1649:9)
    at instantiateModuleShared (file://C:\Users\Almannai\Desktop\textonimage\app\.next\dev\server\edge\chunks\turbopack-node_modules_next_dist_esm_build_templates_edge-wrapper_06cpln7.js:1305:9)
    at instantiateModule (file://C:\Users\Almannai\Desktop\textonimage\app\.next\dev\server\edge\chunks\turbopack-node_modules_next_dist_esm_build_templates_edge-wrapper_06cpln7.js:1621:12)
    at getOrInstantiateModuleFromParent (file://C:\Users\Almannai\Desktop\textonimage\app\.next\dev\server\edge\chunks\turbopack-node_modules_next_dist_esm_build_templates_edge-wrapper_06cpln7.js:1604:12)
    at DevContext.esmImport [as i] (file://C:\Users\Almannai\Desktop\textonimage\app\.next\dev\server\edge\chunks\turbopack-node_modules_next_dist_esm_build_templates_edge-wrapper_06cpln7.js:278:20)
    at module evaluation (file://C:\Users\Almannai\Desktop\textonimage\app\.next\dev\server\edge\chunks\[root-of-the-server]__0ervz_w._.js:317:160)
    at <unknown> (file://C:\Users\Almannai\Desktop\textonimage\app\.next\dev\server\edge\chunks\turbopack-node_modules_next_dist_esm_build_templates_edge-wrapper_06cpln7.js:1307:27)
    at runModuleExecutionHooks (file://C:\Users\Almannai\Desktop\textonimage\app\.next\dev\server\edge\chunks\turbopack-node_modules_next_dist_esm_build_templates_edge-wrapper_06cpln7.js:1649:9)
[ 1229421ms] [LOG] [HMR] connected @ http://localhost:3001/_next/static/chunks/node_modules_next_dist_0u_w_5s._.js:1226
[ 1229466ms] [ERROR] Refused to execute script from 'http://localhost:3001/_next/static/development/_clientMiddlewareManifest.js' because its MIME type ('application/json') is not executable, and strict MIME type checking is enabled. @ http://localhost:3001/admin:0
[ 1234849ms] [LOG] [Fast Refresh] rebuilding @ http://localhost:3001/_next/static/chunks/node_modules_next_dist_0u_w_5s._.js:1226
[ 1235467ms] [LOG] [Fast Refresh] done in 765ms @ http://localhost:3001/_next/static/chunks/node_modules_next_dist_0u_w_5s._.js:1226
[ 1237185ms] [LOG] [Fast Refresh] rebuilding @ http://localhost:3001/_next/static/chunks/node_modules_next_dist_0u_w_5s._.js:1226
[ 1242887ms] [LOG] [Fast Refresh] done in 7409ms @ http://localhost:3001/_next/static/chunks/node_modules_next_dist_0u_w_5s._.js:1226
[ 1243071ms] [LOG] [Fast Refresh] rebuilding @ http://localhost:3001/_next/static/chunks/node_modules_next_dist_0u_w_5s._.js:1226
[ 1243279ms] [LOG] [Fast Refresh] done in 375ms @ http://localhost:3001/_next/static/chunks/node_modules_next_dist_0u_w_5s._.js:1226
[ 1243645ms] [LOG] [Fast Refresh] rebuilding @ http://localhost:3001/_next/static/chunks/node_modules_next_dist_0u_w_5s._.js:1226
[ 1255200ms] [LOG] [Fast Refresh] done in 11766ms @ http://localhost:3001/_next/static/chunks/node_modules_next_dist_0u_w_5s._.js:1226
[ 1255330ms] [LOG] [Fast Refresh] rebuilding @ http://localhost:3001/_next/static/chunks/node_modules_next_dist_0u_w_5s._.js:1226
[ 1259818ms] [LOG] [Fast Refresh] done in 4599ms @ http://localhost:3001/_next/static/chunks/node_modules_next_dist_0u_w_5s._.js:1226
[ 1260113ms] [LOG] [Fast Refresh] rebuilding @ http://localhost:3001/_next/static/chunks/node_modules_next_dist_0u_w_5s._.js:1226
[ 1262977ms] [LOG] [Fast Refresh] done in 3074ms @ http://localhost:3001/_next/static/chunks/node_modules_next_dist_0u_w_5s._.js:1226
[ 1263131ms] [LOG] [Fast Refresh] rebuilding @ http://localhost:3001/_next/static/chunks/node_modules_next_dist_0u_w_5s._.js:1226
[ 1468273ms] [LOG] [Fast Refresh] done in 205205ms @ http://localhost:3001/_next/static/chunks/node_modules_next_dist_0u_w_5s._.js:1226
[ 1469224ms] [LOG] [Fast Refresh] rebuilding @ http://localhost:3001/_next/static/chunks/node_modules_next_dist_0u_w_5s._.js:1226
[ 1469723ms] [LOG] [Fast Refresh] done in 615ms @ http://localhost:3001/_next/static/chunks/node_modules_next_dist_0u_w_5s._.js:1226
[ 1470337ms] [LOG] [Fast Refresh] rebuilding @ http://localhost:3001/_next/static/chunks/node_modules_next_dist_0u_w_5s._.js:1226
[ 1470522ms] [LOG] [Fast Refresh] done in 299ms @ http://localhost:3001/_next/static/chunks/node_modules_next_dist_0u_w_5s._.js:1226
[ 1470768ms] [LOG] [Fast Refresh] rebuilding @ http://localhost:3001/_next/static/chunks/node_modules_next_dist_0u_w_5s._.js:1226
[ 1470825ms] [LOG] [Fast Refresh] done in 204ms @ http://localhost:3001/_next/static/chunks/node_modules_next_dist_0u_w_5s._.js:1226
[ 1471023ms] [LOG] [Fast Refresh] rebuilding @ http://localhost:3001/_next/static/chunks/node_modules_next_dist_0u_w_5s._.js:1226
[ 1471733ms] [LOG] [Fast Refresh] done in 877ms @ http://localhost:3001/_next/static/chunks/node_modules_next_dist_0u_w_5s._.js:1226
[ 1472339ms] [ERROR] Failed to load resource: the server responded with a status of 500 (Internal Server Error) @ http://localhost:3001/admin:0
